12:35:16 **** Incremental Build of configuration Debug for project STM32407G_TimerTest ****
make -j12 all 
arm-none-eabi-gcc "../Core/Src/main.c" -mcpu=cortex-m4 -std=gnu11 -g3 -DDEBUG -DUSE_HAL_DRIVER -DSTM32F407xx -c -I../USB_HOST/App -I../USB_HOST/Target -I../Core/Inc -I../Drivers/STM32F4xx_HAL_Driver/Inc -I../Drivers/STM32F4xx_HAL_Driver/Inc/Legacy -I../Middlewares/ST/STM32_USB_Host_Library/Core/Inc -I../Middlewares/ST/STM32_USB_Host_Library/Class/CDC/Inc -I../Drivers/CMSIS/Device/ST/STM32F4xx/Include -I../Drivers/CMSIS/Include -O0 -ffunction-sections -fdata-sections -Wall -fstack-usage -fcyclomatic-complexity -MMD -MP -MF"Core/Src/main.d" -MT"Core/Src/main.o" --specs=nano.specs -mfpu=fpv4-sp-d16 -mfloat-abi=hard -mthumb -o "Core/Src/main.o"
arm-none-eabi-gcc -o "STM32407G_TimerTest.elf" @"objects.list"   -mcpu=cortex-m4 -T"C:\Users\hamdo\Desktop\E_SYSTEMS\STM-CUBE-IDE\STM32407G_TimerTest\STM32F407VGTX_FLASH.ld" --specs=nosys.specs -Wl,-Map="STM32407G_TimerTest.map" -Wl,--gc-sections -static --specs=nano.specs -mfpu=fpv4-sp-d16 -mfloat-abi=hard -mthumb -Wl,--start-group -lc -lm -Wl,--end-group
Finished building target: STM32407G_TimerTest.elf
 
arm-none-eabi-size  STM32407G_TimerTest.elf 
arm-none-eabi-objdump -h -S STM32407G_TimerTest.elf  > "STM32407G_TimerTest.list"
   text	   data	    bss	    dec	    hex	filename
  37660	    124	   4196	  41980	   a3fc	STM32407G_TimerTest.elf
Finished building: default.size.stdout
 
Finished building: STM32407G_TimerTest.list
 

12:35:18 Build Finished. 0 errors, 0 warnings. (took 1s.816ms)

