13:46:37 **** Incremental Build of configuration Debug for project STM32407G_EncoderTest ****
make -j12 all 
arm-none-eabi-gcc "../Core/Src/stm32f4xx_it.c" -mcpu=cortex-m4 -std=gnu11 -g3 -DDEBUG -DUSE_HAL_DRIVER -DSTM32F407xx -c -I../USB_HOST/App -I../USB_HOST/Target -I../Core/Inc -I../Drivers/STM32F4xx_HAL_Driver/Inc -I../Drivers/STM32F4xx_HAL_Driver/Inc/Legacy -I../Middlewares/ST/STM32_USB_Host_Library/Core/Inc -I../Middlewares/ST/STM32_USB_Host_Library/Class/CDC/Inc -I../Drivers/CMSIS/Device/ST/STM32F4xx/Include -I../Drivers/CMSIS/Include -O0 -ffunction-sections -fdata-sections -Wall -fstack-usage -fcyclomatic-complexity -MMD -MP -MF"Core/Src/stm32f4xx_it.d" -MT"Core/Src/stm32f4xx_it.o" --specs=nano.specs -mfpu=fpv4-sp-d16 -mfloat-abi=hard -mthumb -o "Core/Src/stm32f4xx_it.o"
arm-none-eabi-gcc -o "STM32407G_EncoderTest.elf" @"objects.list"   -mcpu=cortex-m4 -T"C:\Users\hamdo\Desktop\E_SYSTEMS\STM-CUBE-IDE\STM32407G_EncoderTest\STM32F407VGTX_FLASH.ld" --specs=nosys.specs -Wl,-Map="STM32407G_EncoderTest.map" -Wl,--gc-sections -static --specs=nano.specs -mfpu=fpv4-sp-d16 -mfloat-abi=hard -mthumb -Wl,--start-group -lc -lm -Wl,--end-group
Finished building target: STM32407G_EncoderTest.elf
 
arm-none-eabi-size  STM32407G_EncoderTest.elf 
arm-none-eabi-objdump -h -S STM32407G_EncoderTest.elf  > "STM32407G_EncoderTest.list"
   text	   data	    bss	    dec	    hex	filename
  38124	    124	   4212	  42460	   a5dc	STM32407G_EncoderTest.elf
Finished building: default.size.stdout
 
Finished building: STM32407G_EncoderTest.list
 

13:46:38 Build Finished. 0 errors, 0 warnings. (took 807ms)

